TSX is working
